---
source: crates/nxpkgrepo-vercel-api/src/lib.rs
expression: json
---
"{\"source\":\"REMOTE\",\"event\":\"MISS\",\"hash\":\"this-is-my-hash-2\",\"duration\":21}"
